mesh=<Object '/Game/UrbanMilChar/Mesh/Preset/SKM_Urban_Soldier_02_MPS.SKM_Urban_Soldier_02_MPS' (0x000002A9D57EF000) Class 'SkeletalMesh'>
skeleton=<Object '/Game/MP_System_V3/Game/Characters/Mannequin/Mesh/MPS_Player_Skeleton.MPS_Player_Skeleton' (0x000002A99215CD00) Class 'Skeleton'>
bounds=<Struct 'BoxSphereBounds' (0x000002A9D87A26C0) {origin: {x: 0.000023, y: 1.805049, z: 91.617017}, box_extent: {x: 55.959427, y: 26.549788, z: 91.760332}, sphere_radius: 110.708208}>
materials=28
mat[0] slot=M_Heavy_Armor iface=<Object '/Game/UrbanMilChar/Materials/Chest/Armor/M_Heavy_Armor_Black.M_Heavy_Armor_Black' (0x000002A9D47F7000) Class 'Material'>
mat[1] slot=M_Pants_Inboots iface=<Object '/Game/UrbanMilChar/Materials/Pants/Pants_Inboots/M_Pants_Gorka_Green.M_Pants_Gorka_Green' (0x000002A9D5773800) Class 'Material'>
mat[2] slot=M_Arms_Gloves_Tactical iface=<Object '/Game/UrbanMilChar/Materials/Arms/Gloves_Tactical/M_Gloves_Tactical_Gray.M_Gloves_Tactical_Gray' (0x000002A9D47F5400) Class 'Material'>
mat[3] slot=M_Arms iface=<Object '/Game/UrbanMilChar/Materials/Arms/Arms/M_Arms_Afro.M_Arms_Afro' (0x000002A9D47F4600) Class 'Material'>
mat[4] slot=T_Drops_Tactical1 iface=<Object '/Game/UrbanMilChar/Materials/Chest/Drops/M_Drops_Tactical_Black.M_Drops_Tactical_Black' (0x000002A9D47FC400) Class 'Material'>
mat[5] slot=T_Tactical_Bags1 iface=<Object '/Game/UrbanMilChar/Materials/Chest/Bags/M_Bags_Black.M_Bags_Black' (0x000002A9D47F7E00) Class 'Material'>
mat[6] slot=M_Granate iface=<Object '/Game/UrbanMilChar/Materials/Weapon/Granade/M_Granade_Red.M_Granade_Red' (0x000002A9D5774600) Class 'Material'>
mat[7] slot=T_Heavy_Belt iface=<Object '/Game/UrbanMilChar/Materials/Chest/Belt_Heavy/M_Heavy_Belt_Black.M_Heavy_Belt_Black' (0x000002A9D47F9A00) Class 'Material'>
dt=[
	{
		"Name": "Default",
		"MainMesh": "/Script/Engine.SkeletalMesh'/Game/MP_System_V3/Game/Characters/Mannequin/Mesh/MPS_Player.MPS_Player'",
		"SecondaryMesh": "/Script/Engine.SkeletalMesh'/Game/UrbanMilChar/Mesh/Preset/SKM_Urban_Soldier_02_MPS.SKM_Urban_Soldier_02_MPS'",
		"MainMaterial": "/Script/Engine.MaterialInstanceConstant'/Game/MP_System_V3/Game/Commons/Materials/MaterialInstances/MI_NoRender.MI_NoRender'"
	}
]