AIAsyncTaskBlueprintProxy
AISenseConfig_Blueprint
AISense_Blueprint
ALSAnimGraphAimingValues
  methods: spine_rotation
ALSAnimGraphFootIK
  methods: 
ALSAnimGraphGrounded
  methods: 
ALSAnimGraphInAir
  methods: 
ALSAnimGraphLayerBlending
  methods: spine, spine_add
ActorGroupingUtils
ActorPerceptionBlueprintInfo
AddNewSubobjectParams
AnimBlueprint
AnimBlueprintFactory
AnimBlueprintFunctionPinInfo
AnimBlueprintGeneratedClass
AnimGraphBlendOptions
  methods: 
AnimGraphLibrary
  methods: 
AnimGraphNodeBinding
  methods: 
AnimGraphNodeCustomizationInterface
  methods: 
AnimGraphNode_AimOffsetLookAt
  methods: 
AnimGraphNode_AnimDynamics
  methods: 
AnimGraphNode_ApplyAdditive
  methods: 
AnimGraphNode_ApplyLimits
  methods: 
AnimGraphNode_ApplyMeshSpaceAdditive
  methods: 
AnimGraphNode_AssetPlayerBase
  methods: 
AnimGraphNode_Base
  methods: 
AnimGraphNode_BlendBoneByChannel
  methods: 
AnimGraphNode_BlendListBase
  methods: 
AnimGraphNode_BlendListByBool
  methods: 
AnimGraphNode_BlendListByEnum
  methods: 
AnimGraphNode_BlendListByInt
  methods: 
AnimGraphNode_BlendSpace
  methods: 
AnimGraphNode_BlendSpaceBase
  methods: 
AnimGraphNode_BlendSpaceEvaluator
  methods: 
AnimGraphNode_BlendSpaceGraph
  methods: 
AnimGraphNode_BlendSpaceGraphBase
  methods: 
AnimGraphNode_BlendSpacePlayer
  methods: 
AnimGraphNode_BlendSpaceSampleResult
  methods: 
AnimGraphNode_BlendStack
  methods: 
AnimGraphNode_BlendStackInput
  methods: 
AnimGraphNode_BlendStackResult
  methods: 
AnimGraphNode_BlendStack_Base
  methods: 
AnimGraphNode_BoneDrivenController
  methods: 
AnimGraphNode_CCDIK
  methods: 
AnimGraphNode_CallFunction
  methods: 
AnimGraphNode_ChooserPlayer
  methods: 
AnimGraphNode_ComponentToLocalSpace
  methods: 
AnimGraphNode_Constraint
  methods: 
AnimGraphNode_ControlRig
  methods: 
AnimGraphNode_CopyBone
  methods: 
AnimGraphNode_CopyBoneDelta
  methods: 
AnimGraphNode_CopyPoseFromMesh
  methods: 
AnimGraphNode_CurveSource
  methods: 
AnimGraphNode_CustomProperty
  methods: 
AnimGraphNode_CustomTransitionResult
  methods: 
AnimGraphNode_DeadBlending
  methods: 
AnimGraphNode_Fabrik
  methods: 
AnimGraphNode_FootPlacement
  methods: 
AnimGraphNode_HandIKRetargeting
  methods: 
AnimGraphNode_IKRig
  methods: 
AnimGraphNode_IdentityPose
  methods: 
AnimGraphNode_Inertialization
  methods: 
AnimGraphNode_Layer
  methods: 
AnimGraphNode_LayeredBoneBlend
  methods: 
AnimGraphNode_LegIK
  methods: 
AnimGraphNode_LinkedAnimGraph
  methods: 
AnimGraphNode_LinkedAnimGraphBase
  methods: 
AnimGraphNode_LinkedAnimLayer
  methods: 
AnimGraphNode_LinkedInputPose
  methods: 
AnimGraphNode_LiveLinkPose
  methods: 
AnimGraphNode_LocalRefPose
  methods: 
AnimGraphNode_LocalToComponentSpace
  methods: 
AnimGraphNode_LookAt
  methods: 
AnimGraphNode_MakeDynamicAdditive
  methods: 
AnimGraphNode_MeshRefPose
  methods: 
AnimGraphNode_Mirror
  methods: 
AnimGraphNode_ModifyBone
  methods: 
AnimGraphNode_ModifyCurve
  methods: 
AnimGraphNode_MotionMatching
  methods: 
AnimGraphNode_MotionMatchingInteraction
  methods: 
AnimGraphNode_MultiWayBlend
  methods: 
AnimGraphNode_ObserveBone
  methods: 
AnimGraphNode_OffsetRootBone
  methods: 
AnimGraphNode_OrientationDriver
  methods: copy_targets_from_pose_asset, node
AnimGraphNode_OrientationWarping
  methods: 
AnimGraphNode_OverrideRootMotion
  methods: 
AnimGraphNode_PoseBlendNode
  methods: 
AnimGraphNode_PoseByName
  methods: 
AnimGraphNode_PoseDriver
  methods: copy_targets_from_pose_asset, node
AnimGraphNode_PoseHandler
  methods: 
AnimGraphNode_PoseSearchComponentSpaceHistoryCollector
  methods: 
AnimGraphNode_PoseSearchHistoryCollector
  methods: 
AnimGraphNode_PoseSearchHistoryCollector_Base
  methods: 
AnimGraphNode_PoseSnapshot
  methods: 
AnimGraphNode_Ragdoll
  methods: 
AnimGraphNode_RandomPlayer
  methods: 
AnimGraphNode_RefPoseBase
  methods: 
AnimGraphNode_ResetRoot
  methods: 
AnimGraphNode_RetargetPoseFromMesh
  methods: 
AnimGraphNode_RigLogic
  methods: 
AnimGraphNode_RigidBody
  methods: 
AnimGraphNode_Root
  methods: 
AnimGraphNode_RotateRootBone
  methods: 
AnimGraphNode_RotationMultiplier
  methods: 
AnimGraphNode_RotationOffsetBlendSpace
  methods: 
AnimGraphNode_RotationOffsetBlendSpaceGraph
  methods: 
AnimGraphNode_SaveCachedPose
  methods: 
AnimGraphNode_ScaleChainLength
  methods: 
AnimGraphNode_SequenceEvaluator
  methods: 
AnimGraphNode_SequencePlayer
  methods: 
AnimGraphNode_SkeletalControlBase
  methods: 
AnimGraphNode_SlopeWarping
  methods: 
AnimGraphNode_Slot
  methods: 
AnimGraphNode_SplineIK
  methods: 
AnimGraphNode_SpringBone
  methods: 
AnimGraphNode_StageCoachWheelController
  methods: 
AnimGraphNode_StateMachine
  methods: 
AnimGraphNode_StateMachineBase
  methods: 
AnimGraphNode_StateResult
  methods: 
AnimGraphNode_Steering
  methods: 
AnimGraphNode_StrideWarping
  methods: 
AnimGraphNode_SubInput
  methods: 
AnimGraphNode_SubInstance
  methods: 
AnimGraphNode_SubInstanceBase
  methods: 
AnimGraphNode_Sync
  methods: 
AnimGraphNode_Trail
  methods: 
AnimGraphNode_TransitionPoseEvaluator
  methods: node
AnimGraphNode_TransitionResult
  methods: 
AnimGraphNode_TwistCorrectiveNode
  methods: 
AnimGraphNode_TwoBoneIK
  methods: 
AnimGraphNode_TwoWayBlend
  methods: 
AnimGraphNode_UseCachedPose
  methods: 
AnimGraphNode_WarpTest
  methods: 
AnimGraphNode_WheelController
  methods: 
AnimNodeConstantData
AnimNodeControlRigLibrary
AnimNodeData
AnimNodeReference
AnimNodeReferenceConversionResult
AnimNodeRigidBodyLibrary
AnimNode_AimOffsetLookAt
AnimNode_AnimDynamics
AnimNode_ApplyAdditive
AnimNode_ApplyLimits
AnimNode_ApplyMeshSpaceAdditive
AnimNode_AssetPlayerBase
AnimNode_AssetPlayerRelevancyBase
AnimNode_Base
AnimNode_BlendBoneByChannel
AnimNode_BlendListBase
AnimNode_BlendListByBool
AnimNode_BlendListByEnum
AnimNode_BlendListByInt
AnimNode_BlendSpace
AnimNode_BlendSpaceEvaluator
AnimNode_BlendSpaceGraph
  methods: 
AnimNode_BlendSpaceGraphBase
  methods: 
AnimNode_BlendSpacePlayer
AnimNode_BlendSpacePlayerBase
AnimNode_BlendSpacePlayer_Standalone
AnimNode_BlendSpaceSampleResult
AnimNode_BlendStack
AnimNode_BlendStackInput
AnimNode_BlendStack_Standalone
AnimNode_BoneDrivenController
AnimNode_CCDIK
AnimNode_CallFunction
AnimNode_ChooserPlayer
AnimNode_Constraint
AnimNode_ControlRig
AnimNode_ControlRigBase
AnimNode_ConvertComponentToLocalSpace
AnimNode_ConvertLocalToComponentSpace
AnimNode_CopyBone
AnimNode_CopyBoneDelta
AnimNode_CopyPoseFromMesh
AnimNode_CurveSource
AnimNode_CustomProperty
AnimNode_DeadBlending
AnimNode_Fabrik
AnimNode_FootPlacement
AnimNode_HandIKRetargeting
AnimNode_IKRig
AnimNode_Inertialization
AnimNode_Layer
AnimNode_LayeredBoneBlend
AnimNode_LegIK
AnimNode_LinkedAnimGraph
  methods: 
AnimNode_LinkedAnimLayer
AnimNode_LinkedInputPose
AnimNode_LiveLinkPose
AnimNode_LookAt
AnimNode_MakeDynamicAdditive
AnimNode_MeshSpaceRefPose
AnimNode_Mirror
AnimNode_MirrorBase
AnimNode_Mirror_Standalone
AnimNode_ModifyBone
AnimNode_ModifyCurve
AnimNode_MotionMatching
AnimNode_MotionMatchingInteraction
AnimNode_MultiWayBlend
AnimNode_ObserveBone
AnimNode_OffsetRootBone
AnimNode_OrientationDriver
AnimNode_OrientationWarping
AnimNode_OverrideRootMotion
AnimNode_PoseBlendNode
AnimNode_PoseByName
AnimNode_PoseDriver
AnimNode_PoseHandler
AnimNode_PoseSearchComponentSpaceHistoryCollector
AnimNode_PoseSearchHistoryCollector
AnimNode_PoseSearchHistoryCollector_Base
AnimNode_PoseSnapshot
AnimNode_PreviewRetargetPose
AnimNode_Ragdoll
AnimNode_RandomPlayer
AnimNode_RefPose
AnimNode_ResetRoot
AnimNode_RetargetPoseFromMesh
AnimNode_RigLogic
AnimNode_RigidBody
AnimNode_Root
AnimNode_RotateRootBone
AnimNode_RotationMultiplier
AnimNode_RotationOffsetBlendSpace
AnimNode_RotationOffsetBlendSpaceGraph
  methods: 
AnimNode_SaveCachedPose
AnimNode_ScaleChainLength
AnimNode_SequenceEvaluator
AnimNode_SequenceEvaluatorBase
AnimNode_SequenceEvaluator_Standalone
AnimNode_SequencePlayer
AnimNode_SequencePlayerBase
AnimNode_SequencePlayer_Standalone
AnimNode_SingleNode
AnimNode_SkeletalControlBase
AnimNode_SlopeWarping
AnimNode_Slot
AnimNode_SplineIK
AnimNode_SpringBone
AnimNode_StageCoachWheelController
AnimNode_StateMachine
AnimNode_StateResult
AnimNode_Steering
AnimNode_StrideWarping
AnimNode_SubInput
AnimNode_SubInstance
AnimNode_Sync
AnimNode_Trail
AnimNode_TransitionPoseEvaluator
AnimNode_TransitionResult
AnimNode_TwistCorrectiveNode
AnimNode_TwoBoneIK
AnimNode_TwoWayBlend
AnimNode_WarpTest
AnimNode_WheelController
AnimNotifyState_MotionWarping
AnimSingleNodeInstance
AnimStateAliasNode
AnimStateNodeBase
AnimStateTransitionNode
AnimationBlendSpaceSampleGraph
  methods: get_graph_nodes_of_class
AnimationBlendStackGraph
  methods: get_graph_nodes_of_class
AnimationCustomTransitionGraph
  methods: get_graph_nodes_of_class
AnimationGraph
  methods: get_graph_nodes_of_class
AnimationNode_TwoWayBlend
AnimationStateGraph
  methods: get_graph_nodes_of_class
AnimationTransitionGraph
  methods: get_graph_nodes_of_class
AnimationWarpingLibrary
AppleImageUtilsBaseAsyncTaskBlueprintProxy
AssetMapping
AssetMappingTable
AttachToPlayerPawnCameraNode
AudioLinkBlueprintInterface
AutomationUtilsBlueprintLibrary
BPSteamGroupInfo
BTAuxiliaryNode
BTDecorator_BlueprintBase
BTNode
BTNodeResult
BTService_BlueprintBase
BTTaskNode
BTTask_BlueprintBase
BaseWidgetBlueprint
BlendStackAnimNodeLibrary
BlendStackAnimNodeReference
BlendStackInputAnimNodeLibrary
BlendStackInputAnimNodeReference
Blueprint
BlueprintAsyncActionBase
BlueprintAsyncResultSwitch
BlueprintCameraContextDataTableFunctionLibrary
BlueprintCameraDirectorActivateParams
BlueprintCameraDirectorDeactivateParams
BlueprintCameraDirectorEvaluationParams
BlueprintCameraDirectorEvaluator
BlueprintCameraEvaluationDataFunctionLibrary
BlueprintCameraEvaluationDataRef
BlueprintCameraNodeEvaluationResult
BlueprintCameraNodeEvaluator
BlueprintCameraPose
BlueprintCameraPoseFunctionLibrary
BlueprintCameraVariableTableFunctionLibrary
BlueprintCompileMode
BlueprintCore
BlueprintEditorLibrary
  methods: add_function_graph, compare_asset_save_version_to, compile_blueprint, create_blueprint_asset_with_parent, find_event_graph, find_graph, get_blueprint_asset, get_blueprint_for_class, get_class_reference_type, get_object_reference_type, refresh_all_open_blueprint_editors, refresh_open_editors_for_blueprint, remove_function_graph, remove_graph, remove_unused_nodes, rename_graph, reparent_blueprint, replace_variable_references, set_blueprint_variable_expose_on_spawn, set_blueprint_variable_expose_to_cinematics, set_blueprint_variable_instance_editable, upgrade_operator_nodes
BlueprintEditorToolMenuContext
BlueprintFactory
BlueprintFileUtilsBPLibrary
BlueprintFindFriendSessionDelegate
BlueprintFindSessionsResultDelegate
BlueprintFunctionLibrary
BlueprintFunctionLibraryFactory
BlueprintGeneratedClass
BlueprintGetFriendsListDelegate
BlueprintGetRecentPlayersDelegate
BlueprintGetUserPrivilegeDelegate
BlueprintGroupOfficerDetailsDelegate
BlueprintInstancedStructLibrary
BlueprintInterfaceFactory
BlueprintMacroFactory
BlueprintMaterialTextureNodesBPLibrary
BlueprintPropertyContainerTestObject
BlueprintPropertyTestObject
BlueprintResultSwitch
BlueprintSendFriendInviteDelegate
BlueprintSessionResult
BlueprintSpringMathLibrary
BlueprintType
BlueprintWorkshopDetailsDelegate
BlueprintableTurnGenerator
BoneNode
CameraNode
CastToControlRigBlueprintCases
CastToWidgetBlueprintCases
ChaosBlueprintLibrary
ChaosSolverEngineBlueprintLibrary
ChaosVDRuntimeBlueprintLibrary
ColorGradingSpinBoxStyle
ComponentStrippingVector
CompositionGraphCapturePasses
  methods: 
CompositionGraphCaptureProtocol
  methods: 
ComputeGraph
  methods: 
ComputeGraphComponent
  methods: add_asset_user_data_of_class, compute_graph, get_asset_user_data_of_class, has_asset_user_data_of_class
ComputeGraphFromTextFactory
  methods: asset_import_task
ConstraintInstanceBlueprintLibrary
ControlRigAnimNodeEventName
ControlRigBlueprint
ControlRigBlueprintFactory
ControlRigBlueprintLibrary
ControlRigGraphNodeContextMenuContext
  methods: graph, node, pin
ControlRigRigHierarchyToGraphDragAndDropContext
  methods: 
ControlToTransformMappings
DataflowBlueprintLibrary
DataflowEditorBlueprintLibrary
DataflowTransferNodeBoundingVolume
DataflowTransferNodeFalloff
DataflowTransferNodeSampleScale
DataflowTransferVertexAttributeNodeBoundingVolume
DataflowTransferVertexAttributeNodeFalloff
DataflowTransferVertexAttributeNodeSourceScale
DataflowTransferVertexAttributeNodeTransferMethod
DialogueContextMapping
DynamicMeshProcessorBlueprint
EdGraph
  methods: 
EdGraphNode
  methods: 
EdGraphPinType
  methods: 
EditorSubsystemBlueprintLibrary
EditorUtilityBlueprintAsyncActionBase
EditorUtilityBlueprintFactory
EditorUtilitySpinBox
EditorUtilityWidgetBlueprint
EditorUtilityWidgetBlueprintFactory
EnhancedActionKeyMapping
EnhancedInputLocalPlayerSubsystem_OnControlMappingsRebuilt
EnhancedInputLocalPlayerSubsystem_OnMappingContextAdded
EnhancedInputLocalPlayerSubsystem_OnMappingContextRemoved
EnhancedInputUserSettings_MappingContextRegisteredWithSettings
EnvQueryContext_BlueprintBase
EnvQueryGenerator_BlueprintBase
EnvQueryInstanceBlueprintWrapper
EnvQueryInstanceBlueprintWrapper_EQSQueryDoneSignature
EnvQueryNode
FabInterchangeInstancedFoliageTypeFactoryNode
FieldNodeBase
FieldNodeFloat
FieldNodeInt
FieldNodeVector
FloatAutoPopulatorBlueprint
GameplayAbilitiesBlueprintFactory
GameplayAbilityBlueprint
GameplayAbilityBlueprintGeneratedClass
GameplayCueNotify_Looping
GameplayCueNotify_LoopingEffects
GlobalConfigurationDataBlueprintLibrary
GoomBindingGroupInfo
GraphDataProvider
  methods: 
GroomHairGroupsMapping
HairGroupInfo
HairGroupInfoWithVisibility
HealthSnapshotBlueprintLibrary
IKRetargetPinBoneController
IKRetargetPinBoneOp
IKRetargetPinBoneOpSettings
IKRetargetStrideWarpingController
IKRetargetStrideWarpingOp
IKRetargetStrideWarpingOpSettings
ImageWriteBlueprintLibrary
InputActionKeyMapping
InputActionSpeechMapping
InputAxisKeyMapping
InputMappingContext
InputMappingContextMappingData
InputMappingContext_Factory
InputMappingRebuildType
InterchangeActorFactoryNode
InterchangeAnimSequenceFactoryNode
InterchangeAnimationTrackBaseNode
InterchangeAnimationTrackNode
InterchangeAnimationTrackSetFactoryNode
InterchangeAnimationTrackSetInstanceNode
InterchangeAnimationTrackSetNode
InterchangeAudioSoundWaveFactoryNode
InterchangeAudioSoundWaveNode
InterchangeBaseLightFactoryNode
InterchangeBaseLightNode
InterchangeBaseMaterialFactoryNode
InterchangeBaseNode
InterchangeBaseNodeContainer
InterchangeBlueprintPipelineBase
InterchangeBlueprintPipelineBaseFactory
InterchangeCineCameraFactoryNode
InterchangeCommonPipelineDataFactoryNode
InterchangeDecalActorFactoryNode
InterchangeDecalMaterialFactoryNode
InterchangeDecalMaterialNode
InterchangeDecalNode
InterchangeDirectionalLightFactoryNode
InterchangeDirectionalLightNode
InterchangeEditorBlueprintPipelineBase
InterchangeEditorBlueprintPipelineBaseFactory
InterchangeFactoryBaseNode
InterchangeFunctionCallShaderNode
InterchangeGeometryCacheFactoryNode
InterchangeGeometryCacheNode
InterchangeGraphInspectorPipeline
  methods: get_support_asset_classes
InterchangeGroomCacheFactoryNode
InterchangeGroomFactoryNode
InterchangeGroomNode
InterchangeHeterogeneousVolumeActorFactoryNode
InterchangeInstancedFoliageTypeFactoryNode
InterchangeInstancedStaticMeshComponentFactoryNode
InterchangeInstancedStaticMeshComponentNode
InterchangeLevelFactoryNode
InterchangeLevelInstanceActorFactoryNode
InterchangeLevelSequenceFactoryNode
InterchangeLightFactoryNode
InterchangeLightNode
InterchangeLodSceneNodeContainer
InterchangeMaterialExpressionFactoryNode
InterchangeMaterialFactoryNode
InterchangeMaterialFunctionCallExpressionFactoryNode
InterchangeMaterialFunctionFactoryNode
InterchangeMaterialInstanceFactoryNode
InterchangeMaterialInstanceNode
InterchangeMaterialReferenceFactoryNode
InterchangeMaterialReferenceNode
InterchangeMeshActorFactoryNode
InterchangeMeshFactoryNode
InterchangeMeshLODContainerNode
InterchangeMeshNode
InterchangeNodeContainerType
InterchangeNodeUserInterfaceContext
InterchangePhysicalCameraFactoryNode
InterchangePhysicalCameraNode
InterchangePhysicsAssetFactoryNode
InterchangePointLightFactoryNode
InterchangePointLightNode
InterchangeRectLightFactoryNode
InterchangeRectLightNode
InterchangeSceneComponentFactoryNode
InterchangeSceneComponentNode
InterchangeSceneImportAssetFactoryNode
InterchangeSceneNode
InterchangeSceneVariantSetsFactoryNode
InterchangeSceneVariantSetsNode
InterchangeShaderGraphNode
  methods: add_target_node_uid, get_asset_name, get_node_container_type, get_target_node_count, get_target_node_uids, initialize_node, remove_target_node_uid, set_asset_name
InterchangeShaderNode
InterchangeSkeletalAnimationTrackNode
InterchangeSkeletalMeshFactoryNode
InterchangeSkeletalMeshLodDataNode
InterchangeSkeletonFactoryNode
InterchangeSkyLightFactoryNode
InterchangeSkyLightNode
InterchangeSourceNode
InterchangeSparseVolumeTextureFactoryNode
InterchangeSpecularProfileFactoryNode
InterchangeSpecularProfileNode
InterchangeSpotLightFactoryNode
InterchangeSpotLightNode
InterchangeStandardCameraFactoryNode
InterchangeStandardCameraNode
InterchangeStaticMeshFactoryNode
InterchangeStaticMeshLodDataNode
InterchangeTestsBlueprintFunctionLibrary
InterchangeTexture2DArrayFactoryNode
InterchangeTexture2DArrayNode
InterchangeTexture2DFactoryNode
InterchangeTexture2DNode
InterchangeTextureBlurNode
InterchangeTextureCubeArrayFactoryNode
InterchangeTextureCubeArrayNode
InterchangeTextureCubeFactoryNode
InterchangeTextureCubeNode
InterchangeTextureFactoryNode
InterchangeTextureLightProfileFactoryNode
InterchangeTextureLightProfileNode
InterchangeTextureNode
InterchangeTransformAnimationTrackNode
InterchangeVariantSetNode
InterchangeVolumeGridNode
InterchangeVolumeNode
InterchangeVolumeTextureFactoryNode
InterchangeVolumeTextureNode
JsonObjectGraphFunctionLibrary
  methods: write_blueprint_class_to_temp_file
K2Node
K2Node_CallFunction
K2Node_DataChannelAccessContextOperation
K2Node_DataChannelAccessContext_GetMembers
K2Node_DataChannelAccessContext_Make
K2Node_DataChannelAccessContext_Prepare
K2Node_DataChannelAccessContext_SetMembers
KeyMappingRow
KismetAIAsyncTaskProxy
KismetArrayLibrary
LODMappingData
LandmassBlueprintFunctionLibrary
LandscapeBlueprintBrush
LandscapeBlueprintBrushBase
LandscapeBlueprintCustomBrush
LayersBlueprintLibrary
LerpInterpolationMode
LevelSequenceEditorBlueprintLibrary
LevelStreamingKismet
LightWeightInstanceBlueprintFunctionLibrary
LinkedAnimGraphLibrary
  methods: convert_to_linked_anim_graph, convert_to_linked_anim_graph_pure
LinkedAnimGraphReference
  methods: 
LiveLinkBaseBlueprintData
LiveLinkBasicBlueprintData
LiveLinkBlueprintLibrary
LiveLinkBlueprintVirtualSubject
LiveLinkBlueprintVirtualSubjectFactory
LiveLinkCameraBlueprintData
LiveLinkGamepadInputDeviceBlueprintData
LiveLinkLightBlueprintData
LiveLinkLocatorBlueprintData
LiveLinkTransformBlueprintData
MappingContextInputModeFilterOptions
MappingContextRegistrationTrackingMode
MappingQueryIssue
MappingQueryIssueFlag
MappingQueryResult
MaterialExpressionIsOrthographic
MaterialExpressionPinBase
MaterialExpressionVolumetricCloudEmptySpaceSkippingInput
MaterialExpressionVolumetricCloudEmptySpaceSkippingOutput
MediaTimeStampInfo
MeshApproximationBaseCappingType
MeshApproximationGroundPlaneClippingPolicy
MeshBlendShapeChannelMapping
MetaSoundBuilderNodeInputHandle
MetaSoundBuilderNodeOutputHandle
MetaSoundNodeHandle
MetasoundCommentNodeIntVector
MetasoundEditorGraphBase
  methods: 
MetasoundEditorGraphInputBool
  methods: 
MetasoundEditorGraphInputBoolArray
  methods: 
MetasoundEditorGraphInputBoolRef
  methods: 
MetasoundEditorGraphInputFloat
  methods: 
MetasoundEditorGraphInputFloatArray
  methods: 
MetasoundEditorGraphInputInt
  methods: 
MetasoundEditorGraphInputIntArray
  methods: 
MetasoundEditorGraphInputIntRef
  methods: 
MetasoundEditorGraphInputLiteral
  methods: 
MetasoundEditorGraphInputObject
  methods: 
MetasoundEditorGraphInputObjectArray
  methods: 
MetasoundEditorGraphInputObjectRef
  methods: 
MetasoundEditorGraphInputString
  methods: 
MetasoundEditorGraphInputStringArray
  methods: 
MetasoundEditorGraphMemberDefaultBool
  methods: 
MetasoundEditorGraphMemberDefaultBoolArray
  methods: 
MetasoundEditorGraphMemberDefaultBoolRef
  methods: 
MetasoundEditorGraphMemberDefaultFloat
  methods: 
MetasoundEditorGraphMemberDefaultFloatArray
  methods: 
MetasoundEditorGraphMemberDefaultInt
  methods: 
MetasoundEditorGraphMemberDefaultIntArray
  methods: 
MetasoundEditorGraphMemberDefaultIntRef
  methods: 
MetasoundEditorGraphMemberDefaultLiteral
  methods: 
MetasoundEditorGraphMemberDefaultObject
  methods: 
MetasoundEditorGraphMemberDefaultObjectArray
  methods: 
MetasoundEditorGraphMemberDefaultObjectRef
  methods: 
MetasoundEditorGraphMemberDefaultString
  methods: 
MetasoundEditorGraphMemberDefaultStringArray
  methods: 
MetasoundFrontendGraph
  methods: 
MetasoundFrontendGraphClass
  methods: 
MetasoundFrontendLiteralBlueprintAccess
MetasoundFrontendNode
MetasoundOutputBlueprintAccess
MirrorAnimNodeReference
ModifyCurveAnimNodeReference
MotionMatchingAnimNodeLibrary
MotionMatchingAnimNodeReference
MotionMatchingBlueprintBlendSettings
MotionMatchingInteractionAnimNodeLibrary
MotionMatchingInteractionAnimNodeReference
MotionWarpingComponent
MotionWarpingPreUpdate
MotionWarpingSwitchOffAngleToTargetCondition
MotionWarpingSwitchOffBlueprintableCondition
MotionWarpingSwitchOffCompositeCondition
MotionWarpingSwitchOffCondition
MotionWarpingSwitchOffDistanceCondition
MotionWarpingTarget
MotionWarpingUtilities
MotionWarpingWindowData
MoverDataModelBlueprintLibrary
MovieSceneDirectorBlueprintCondition
MovieSceneDirectorBlueprintConditionData
MovieSceneDirectorBlueprintConditionPayloadVariable
MovieSceneReplaceableDirectorBlueprintBinding
MovieSceneSpawnableDirectorBlueprintBinding
NNEDenoiserBaseMappingData
NNEDenoiserInputMappingData
NNEDenoiserOutputMappingData
NNEDenoiserTemporalInputMappingData
NNEDenoiserTemporalOutputMappingData
NaniteAssemblyNodeTransformSpace
NavigationGraph
  methods: get_overlapping_actors, get_overlapping_components, is_overlapping_actor
NavigationGraphNode
  methods: get_overlapping_actors, get_overlapping_components, is_overlapping_actor
NavigationGraphNodeComponent
  methods: add_asset_user_data_of_class, get_asset_user_data_of_class, has_asset_user_data_of_class
NiagaraClipboardFunction_OnPastedFunctionCallNode
NiagaraNode
NiagaraNodeFunctionCall
NiagaraNodeWithDynamicPins
NodeItem
NodeMappingContainer
ObjectMixerBlueprintFilterFactory
ObjectMixerBlueprintObjectFilter
OnMetaSoundBuilderGraphInterfaceMutate
  methods: 
OnMetaSoundBuilderGraphLiteralMutate
  methods: 
OnMetaSoundBuilderGraphVertexBoolChanged
  methods: 
OnMetaSoundBuilderGraphVertexIntChanged
  methods: 
OnMetaSoundBuilderGraphVertexRename
  methods: 
OnMetaSoundBuilderGraphVertexTextChanged
  methods: 
OnlineBlueprintCallProxyBase
OptimusFunctionNodeGraph
  methods: add_comment_node, add_component_binding_get_node, add_data_interface_node, add_function_reference_node, add_loop_terminal_nodes, add_node, add_resource_get_node, add_resource_node, add_resource_set_node, add_value_node, add_variable_get_node, collapse_nodes_to_function, collapse_nodes_to_sub_graph, convert_to_sub_graph, duplicate_node, duplicate_nodes, expand_collapsed_nodes, get_graph_index, get_graph_type, get_graphs, graph_type, is_execution_graph, is_function_graph, is_function_reference, is_sub_graph_reference, move_graph_direct, remove_node, remove_nodes, rename_graph, rename_graph_direct
OptimusGraphDataProvider
  methods: 
OptimusNode
OptimusNodeGraph
  methods: add_comment_node, add_component_binding_get_node, add_data_interface_node, add_function_reference_node, add_loop_terminal_nodes, add_node, add_resource_get_node, add_resource_node, add_resource_set_node, add_value_node, add_variable_get_node, collapse_nodes_to_function, collapse_nodes_to_sub_graph, convert_to_sub_graph, duplicate_node, duplicate_nodes, expand_collapsed_nodes, get_graph_index, get_graph_type, get_graphs, graph_type, is_execution_graph, is_function_graph, is_function_reference, is_sub_graph_reference, move_graph_direct, remove_node, remove_nodes, rename_graph, rename_graph_direct
OptimusNodeGraphType
  methods: SUB_GRAPH
OptimusNodePin
OptimusNodeSubGraph
  methods: add_comment_node, add_component_binding_get_node, add_data_interface_node, add_function_reference_node, add_loop_terminal_nodes, add_node, add_resource_get_node, add_resource_node, add_resource_set_node, add_value_node, add_variable_get_node, collapse_nodes_to_function, collapse_nodes_to_sub_graph, convert_to_sub_graph, duplicate_node, duplicate_nodes, expand_collapsed_nodes, get_graph_index, get_graph_type, get_graphs, graph_type, is_execution_graph, is_function_graph, is_function_reference, is_sub_graph_reference, move_graph_direct, remove_node, remove_nodes, rename_graph, rename_graph_direct
OptimusNode_AnimAttributeDataInterface
OptimusNode_Comment
OptimusNode_ComponentSource
OptimusNode_ComputeKernelBase
OptimusNode_ComputeKernelFunction
OptimusNode_ConstantValue
OptimusNode_CustomComputeKernel
OptimusNode_DataInterface
OptimusNode_FunctionReference
OptimusNode_GetResource
OptimusNode_GetVariable
OptimusNode_GraphTerminal
  methods: get_graph_position, get_node_category, get_node_name, set_graph_position
OptimusNode_LoopTerminal
OptimusNode_Resource
OptimusNode_ResourceAccessorBase
OptimusNode_SetResource
OptimusNode_SubGraphReference
  methods: get_graph_position, get_node_category, get_node_name, set_graph_position
OptionalPinFromProperty
OrientationWarpingModifier
OrientationWarpingSpace
PhysicsObjectBlueprintLibrary
PinBoneData
PinBoneRotationMode
PinBoneTranslationMode
PlayerKeyMapping
PluginBlueprintLibrary
PoseSearchBlueprintResult
PoseSearchHistoryCollectorAnimNodeLibrary
PoseSearchHistoryCollectorAnimNodeReference
PreviewAnimationBlueprintApplicationMethod
ReparentSubobjectParams
ResonanceAudioBlueprintFunctionLibrary
RetargetChainMapping
RigGraphDisplaySettings
  methods: 
RigVMAggregateNode
RigVMArrayNode
RigVMBlueprint
RigVMBlueprintFilterDynamic
RigVMBlueprintLibrary
RigVMBlueprintLoadLogEntry
RigVMBlueprintLoadLogSeverity
RigVMBranchNode
RigVMCollapseNode
RigVMCommentNode
RigVMDispatchNode
RigVMEdGraphDisplaySettings
  methods: 
RigVMEditorGraphMenuContext
  methods: graph, node, pin
RigVMEnumNode
RigVMExecutePin
RigVMFunctionEntryNode
RigVMFunctionInterfaceNode
RigVMFunctionReferenceNode
RigVMFunctionReturnNode
RigVMGraph
  methods: find_node, find_node_by_name, find_pin, get_contained_graphs, get_entry_node, get_graph_depth, get_graph_name, get_node_path, get_nodes, get_parent_graph, get_return_node, get_root_graph, get_select_nodes, is_node_highlighted, is_node_selected, is_root_graph, is_top_level_graph
RigVMGraphFunctionArgument
  methods: 
RigVMGraphFunctionCategory
  methods: 
RigVMGraphFunctionData
  methods: 
RigVMGraphFunctionHeader
  methods: node_color, node_title
RigVMGraphFunctionIdentifier
  methods: library_node
RigVMGraphFunctionLayout
  methods: pin_index_in_category
RigVMGraphModifiedDynamicEvent
  methods: 
RigVMGraphNotifType
  methods: GRAPH_CHANGED, NODE_ADDED, NODE_CATEGORY_CHANGED, NODE_COLOR_CHANGED, NODE_DESCRIPTION_CHANGED, NODE_DESELECTED, NODE_EARLY_EXIT_CHANGED, NODE_KEYWORDS_CHANGED, NODE_POSITION_CHANGED, NODE_REFERENCE_CHANGED, NODE_REMOVED, NODE_RENAMED, NODE_SELECTED, NODE_SELECTION_CHANGED, NODE_SIZE_CHANGED, NODE_TITLE_CHANGED, PIN_ADDED, PIN_ARRAY_SIZE_CHANGED, PIN_BOUND_VARIABLE_CHANGED, PIN_CATEGORIES_CHANGED, PIN_CATEGORY_CHANGED, PIN_CATEGORY_EXPANSION_CHANGED, PIN_DEFAULT_VALUE_CHANGED, PIN_DIRECTION_CHANGED, PIN_DISPLAY_NAME_CHANGED, PIN_EXPANSION_CHANGED, PIN_INDEX_CHANGED, PIN_REMOVED, PIN_RENAMED, PIN_TYPE_CHANGED, PIN_WATCHED_CHANGED, VARIABLE_REMAPPING_CHANGED
RigVMGraphParameterDescription
  methods: 
RigVMGraphVariableDescription
  methods: 
RigVMIfNode
RigVMInvokeEntryNode
RigVMLibraryNode
RigVMNode
RigVMNodeFilterDynamic
RigVMNodeLayout
RigVMParameterNode
RigVMPin
RigVMPinCategory
RigVMPinDefaultValueType
RigVMPinDirection
RigVMRerouteNode
RigVMSelectNode
RigVMStructNode
RigVMTemplateNode
RigVMUnitNode
RigVMVariableNode
RigidBodyAnimNodeReference
SharedImageConstRefBlueprint
SharedImageConstRefBlueprintFns
ShouldCookBlueprintPropertyGuids
SkelMeshMergeSectionMapping
SkelMeshMergeUVTransformMapping
SlopeWarpingFootDefinition
SoundNode
SoundNodeAssetReferencer
SoundNodeAttenuation
SoundNodeBranch
SoundNodeConcatenator
SoundNodeDelay
SoundNodeDialoguePlayer
SoundNodeDistanceCrossFade
SoundNodeDoppler
SoundNodeEnveloper
SoundNodeGroupControl
SoundNodeLooping
SoundNodeMature
SoundNodeMixer
SoundNodeModulator
SoundNodeModulatorContinuous
SoundNodeOscillator
SoundNodeParamCrossFade
SoundNodeQualityLevel
SoundNodeRandom
SoundNodeSoundClass
SoundNodeSwitch
SoundNodeWaveParam
SoundNodeWavePlayer
SpinBox
SpinBoxStyle
SpinBox_OnSpinBoxBeginSliderMovement
SpinBox_OnSpinBoxValueChangedEvent
SpinBox_OnSpinBoxValueCommittedEvent
StateTreeBlueprintPropertyRef
StateTreeConditionBlueprintBase
StateTreeConsiderationBlueprintBase
StateTreeEditorNode
StateTreeEvaluatorBlueprintBase
StateTreeItemBlueprintBase
StateTreeNodeBlueprintBase
StateTreeNodeFormatting
StateTreeTaskBlueprintBase
StrideWarpingFootDefinition
SubobjectData
SubobjectDataBlueprintFunctionLibrary
SubobjectDataHandle
SubobjectDataSubsystem
SubobjectEditorMenuContext
SynthesisUtilitiesBlueprintFunctionLibrary
TakeRecorderBlueprintLibrary
TakesCoreBlueprintLibrary
TakesCoreBlueprintLibrary_OnTakeRecorderSlateChanged
TakesCoreBlueprintLibrary_OnTakeRecorderTakeNumberChanged
TemplateMapInfoOverride
TerrainCoordMappingType
TestBTDecorator_Blueprint
TextShapingMethod
TextWrappingPolicy
ThumbnailColorStripOrientation_BlueprintType
ThumbnailLabelType_BlueprintType
TransformTrajectoryBlueprintLibrary
UserWidgetBlueprint
ValueOrBBKeyBlueprintUtility
VariableFrameStrippingSettings
VariableFrameStrippingSettingsFactory
VimBlueprint
VimBlueprintFactory
WarpingDirectionSource
WarpingEvaluationMode
WarpingVectorMode
WarpingVectorValue
WidgetBlueprint
WidgetBlueprintFactory
WidgetBlueprintGeneratedClass
WidgetClipping
WidgetPixelSnapping
WorldPartitionBlueprintLibrary
get_blueprint_generated_types